============================================================
Log file : logs/exp07_r4_a8.log
Started  : 2026-04-05 14:19:29
============================================================

────────────────────────────────────────────────────────────
  exp07_r4_a8  |  LoRA=True  rank=4  alpha=8  drop=0.1
────────────────────────────────────────────────────────────
  Trainable : 149,092  |  Total : 21,814,756
    1 │   1.8071 │  72.30% │   1.2468 │  86.36% │  2.93e-04 │ 935.6s │ ★ BEST
    2 │   1.1957 │  87.49% │   1.1802 │  88.19% │  2.71e-04 │ 935.6s │ ★ BEST
    3 │   1.1382 │  89.14% │   1.1514 │  88.78% │  2.38e-04 │ 935.4s │ ★ BEST
    4 │   1.1013 │  90.30% │   1.1310 │  89.45% │  1.96e-04 │ 935.6s │ ★ BEST
    5 │   1.0765 │  91.04% │   1.1178 │  89.68% │  1.50e-04 │ 935.6s │ ★ BEST
    6 │   1.0586 │  91.63% │   1.1099 │  89.91% │  1.04e-04 │ 935.6s │ ★ BEST
    7 │   1.0472 │  91.93% │   1.1042 │  90.16% │  6.18e-05 │ 936.2s │ ★ BEST
    8 │   1.0377 │  92.28% │   1.0994 │  90.22% │  2.86e-05 │ 935.4s │ ★ BEST
    9 │   1.0292 │  92.69% │   1.0985 │  90.17% │  7.34e-06 │ 935.1s │
   10 │   1.0259 │  92.76% │   1.0976 │  90.28% │  0.00e+00 │ 935.8s │ ★ BEST
  Log → logs/exp07_r4_a8.log

============================================================
Finished : 2026-04-05 16:56:08
============================================================
