============================================================
Log file : logs/exp05_r4_a2.log
Started  : 2026-04-05 09:06:18
============================================================

────────────────────────────────────────────────────────────
  exp05_r4_a2  |  LoRA=True  rank=4  alpha=2  drop=0.1
────────────────────────────────────────────────────────────
  Trainable : 149,092  |  Total : 21,814,756
    1 │   1.8787 │  70.81% │   1.2800 │  85.72% │  2.93e-04 │ 935.3s │ ★ BEST
    2 │   1.2141 │  87.16% │   1.1982 │  87.67% │  2.71e-04 │ 933.8s │ ★ BEST
    3 │   1.1584 │  88.68% │   1.1616 │  88.82% │  2.38e-04 │ 934.8s │ ★ BEST
    4 │   1.1237 │  89.60% │   1.1453 │  89.01% │  1.96e-04 │ 935.5s │ ★ BEST
    5 │   1.1008 │  90.27% │   1.1367 │  89.27% │  1.50e-04 │ 935.5s │ ★ BEST
    6 │   1.0838 │  90.97% │   1.1264 │  89.56% │  1.04e-04 │ 935.5s │ ★ BEST
    7 │   1.0722 │  91.36% │   1.1253 │  89.63% │  6.18e-05 │ 934.9s │ ★ BEST
    8 │   1.0634 │  91.47% │   1.1206 │  89.83% │  2.86e-05 │ 934.9s │ ★ BEST
    9 │   1.0583 │  91.88% │   1.1175 │  89.86% │  7.34e-06 │ 935.3s │ ★ BEST
   10 │   1.0564 │  91.83% │   1.1172 │  89.91% │  0.00e+00 │ 935.0s │ ★ BEST
  Log → logs/exp05_r4_a2.log

============================================================
Finished : 2026-04-05 11:42:53
============================================================
