============================================================
Log file : logs/exp02_r2_a2.log
Started  : 2026-04-05 01:16:01
============================================================

────────────────────────────────────────────────────────────
  exp02_r2_a2  |  LoRA=True  rank=2  alpha=2  drop=0.1
────────────────────────────────────────────────────────────
  Trainable : 93,796  |  Total : 21,759,460
    1 │   1.8669 │  71.03% │   1.2886 │  85.24% │  2.93e-04 │ 937.3s │ ★ BEST
    2 │   1.2185 │  87.02% │   1.2087 │  87.57% │  2.71e-04 │ 936.0s │ ★ BEST
    3 │   1.1615 │  88.46% │   1.1798 │  88.16% │  2.38e-04 │ 936.2s │ ★ BEST
    4 │   1.1274 │  89.57% │   1.1535 │  88.65% │  1.96e-04 │ 935.8s │ ★ BEST
    5 │   1.1047 │  90.21% │   1.1405 │  89.24% │  1.50e-04 │ 936.1s │ ★ BEST
    6 │   1.0885 │  90.90% │   1.1339 │  89.31% │  1.04e-04 │ 936.1s │ ★ BEST
    7 │   1.0761 │  91.18% │   1.1289 │  89.52% │  6.18e-05 │ 936.4s │ ★ BEST
    8 │   1.0687 │  91.47% │   1.1254 │  89.60% │  2.86e-05 │ 936.0s │ ★ BEST
    9 │   1.0632 │  91.62% │   1.1254 │  89.53% │  7.34e-06 │ 935.9s │
   10 │   1.0598 │  91.71% │   1.1240 │  89.65% │  0.00e+00 │ 936.1s │ ★ BEST
  Log → logs/exp02_r2_a2.log

============================================================
Finished : 2026-04-05 03:52:47
============================================================
