============================================================
Log file : logs/exp08_r8_a2.log
Started  : 2026-04-05 16:56:08
============================================================

────────────────────────────────────────────────────────────
  exp08_r8_a2  |  LoRA=True  rank=8  alpha=2  drop=0.1
────────────────────────────────────────────────────────────
  Trainable : 259,684  |  Total : 21,925,348
    1 │   1.8510 │  71.38% │   1.2808 │  86.19% │  2.93e-04 │ 934.7s │ ★ BEST
    2 │   1.2156 │  87.20% │   1.2013 │  87.85% │  2.71e-04 │ 934.9s │ ★ BEST
    3 │   1.1564 │  88.69% │   1.1718 │  88.64% │  2.38e-04 │ 934.8s │ ★ BEST
    4 │   1.1211 │  89.83% │   1.1592 │  88.99% │  1.96e-04 │ 934.7s │ ★ BEST
    5 │   1.0982 │  90.52% │   1.1440 │  89.40% │  1.50e-04 │ 934.0s │ ★ BEST
    6 │   1.0830 │  91.00% │   1.1374 │  89.37% │  1.04e-04 │ 933.8s │
    7 │   1.0705 │  91.42% │   1.1300 │  89.74% │  6.18e-05 │ 934.1s │ ★ BEST
    8 │   1.0636 │  91.72% │   1.1255 │  90.09% │  2.86e-05 │ 934.1s │ ★ BEST
    9 │   1.0567 │  91.81% │   1.1227 │  89.98% │  7.34e-06 │ 933.9s │
   10 │   1.0553 │  91.85% │   1.1228 │  89.97% │  0.00e+00 │ 933.7s │
  Log → logs/exp08_r8_a2.log

============================================================
Finished : 2026-04-05 19:32:35
============================================================
