============================================================
Log file : logs/exp06_r4_a4.log
Started  : 2026-04-05 11:42:53
============================================================

────────────────────────────────────────────────────────────
  exp06_r4_a4  |  LoRA=True  rank=4  alpha=4  drop=0.1
────────────────────────────────────────────────────────────
  Trainable : 149,092  |  Total : 21,814,756
    1 │   1.8350 │  71.77% │   1.2616 │  86.14% │  2.93e-04 │ 935.1s │ ★ BEST
    2 │   1.2061 │  87.28% │   1.1853 │  87.91% │  2.71e-04 │ 935.1s │ ★ BEST
    3 │   1.1493 │  88.86% │   1.1603 │  88.71% │  2.38e-04 │ 934.2s │ ★ BEST
    4 │   1.1133 │  89.98% │   1.1448 │  89.03% │  1.96e-04 │ 935.2s │ ★ BEST
    5 │   1.0916 │  90.57% │   1.1316 │  89.53% │  1.50e-04 │ 935.1s │ ★ BEST
    6 │   1.0743 │  91.22% │   1.1223 │  89.53% │  1.04e-04 │ 934.8s │
    7 │   1.0625 │  91.48% │   1.1155 │  89.84% │  6.18e-05 │ 935.1s │ ★ BEST
    8 │   1.0545 │  91.83% │   1.1118 │  89.95% │  2.86e-05 │ 935.2s │ ★ BEST
    9 │   1.0479 │  91.94% │   1.1108 │  90.06% │  7.34e-06 │ 935.0s │ ★ BEST
   10 │   1.0427 │  92.20% │   1.1106 │  90.11% │  0.00e+00 │ 935.5s │ ★ BEST
  Log → logs/exp06_r4_a4.log

============================================================
Finished : 2026-04-05 14:19:29
============================================================
