============================================================
Log file : logs/exp04_r2_a8.log
Started  : 2026-04-05 06:29:38
============================================================

────────────────────────────────────────────────────────────
  exp04_r2_a8  |  LoRA=True  rank=2  alpha=8  drop=0.1
────────────────────────────────────────────────────────────
  Trainable : 93,796  |  Total : 21,759,460
    1 │   1.8020 │  72.33% │   1.2528 │  86.35% │  2.93e-04 │ 935.4s │ ★ BEST
    2 │   1.2008 │  87.39% │   1.1882 │  87.75% │  2.71e-04 │ 935.5s │ ★ BEST
    3 │   1.1441 │  88.97% │   1.1544 │  88.64% │  2.38e-04 │ 935.4s │ ★ BEST
    4 │   1.1103 │  89.92% │   1.1391 │  89.29% │  1.96e-04 │ 935.6s │ ★ BEST
    5 │   1.0834 │  90.81% │   1.1277 │  89.39% │  1.50e-04 │ 935.8s │ ★ BEST
    6 │   1.0689 │  91.34% │   1.1244 │  89.57% │  1.04e-04 │ 936.3s │ ★ BEST
    7 │   1.0551 │  91.76% │   1.1140 │  89.69% │  6.18e-05 │ 935.7s │ ★ BEST
    8 │   1.0450 │  92.23% │   1.1127 │  89.84% │  2.86e-05 │ 936.1s │ ★ BEST
    9 │   1.0401 │  92.21% │   1.1108 │  89.98% │  7.34e-06 │ 935.6s │ ★ BEST
   10 │   1.0343 │  92.52% │   1.1104 │  89.97% │  0.00e+00 │ 935.7s │
  Log → logs/exp04_r2_a8.log

============================================================
Finished : 2026-04-05 09:06:18
============================================================
