============================================================
Log file : logs/exp01_no_lora.log
Started  : 2026-04-05 00:25:21
============================================================

────────────────────────────────────────────────────────────
  exp01_no_lora  |  LoRA=False  rank=0  alpha=0  drop=0.1
────────────────────────────────────────────────────────────
  Trainable : 38,500  |  Total : 21,704,164
    1 │   2.2010 │  62.09% │   1.6216 │  75.85% │  2.93e-04 │ 300.1s │ ★ BEST
    2 │   1.5641 │  77.60% │   1.5309 │  78.25% │  2.71e-04 │ 299.2s │ ★ BEST
    3 │   1.4996 │  79.41% │   1.4973 │  79.07% │  2.38e-04 │ 299.8s │ ★ BEST
    4 │   1.4658 │  80.59% │   1.4794 │  79.93% │  1.96e-04 │ 299.6s │ ★ BEST
    5 │   1.4388 │  81.37% │   1.4670 │  80.03% │  1.50e-04 │ 300.3s │ ★ BEST
    6 │   1.4268 │  81.88% │   1.4575 │  80.43% │  1.04e-04 │ 300.2s │ ★ BEST
    7 │   1.4150 │  82.03% │   1.4513 │  80.61% │  6.18e-05 │ 300.1s │ ★ BEST
    8 │   1.4044 │  82.71% │   1.4501 │  80.56% │  2.86e-05 │ 299.6s │
    9 │   1.4003 │  82.68% │   1.4486 │  80.70% │  7.34e-06 │ 300.4s │ ★ BEST
   10 │   1.3973 │  82.99% │   1.4480 │  80.77% │  0.00e+00 │ 300.1s │ ★ BEST
  Log → logs/exp01_no_lora.log

============================================================
Finished : 2026-04-05 01:16:01
============================================================
