============================================================
Log file : logs/exp03_r2_a4.log
Started  : 2026-04-05 03:52:47
============================================================

────────────────────────────────────────────────────────────
  exp03_r2_a4  |  LoRA=True  rank=2  alpha=4  drop=0.1
────────────────────────────────────────────────────────────
  Trainable : 93,796  |  Total : 21,759,460
    1 │   1.8246 │  71.97% │   1.2712 │  86.00% │  2.93e-04 │ 936.5s │ ★ BEST
    2 │   1.2076 │  87.21% │   1.1927 │  87.84% │  2.71e-04 │ 935.8s │ ★ BEST
    3 │   1.1482 │  88.84% │   1.1644 │  88.56% │  2.38e-04 │ 936.9s │ ★ BEST
    4 │   1.1155 │  89.73% │   1.1448 │  89.02% │  1.96e-04 │ 936.4s │ ★ BEST
    5 │   1.0949 │  90.56% │   1.1359 │  89.45% │  1.50e-04 │ 937.1s │ ★ BEST
    6 │   1.0768 │  91.18% │   1.1303 │  89.64% │  1.04e-04 │ 936.9s │ ★ BEST
    7 │   1.0654 │  91.52% │   1.1246 │  89.78% │  6.18e-05 │ 936.7s │ ★ BEST
    8 │   1.0562 │  91.77% │   1.1188 │  89.92% │  2.86e-05 │ 936.6s │ ★ BEST
    9 │   1.0523 │  91.91% │   1.1175 │  89.95% │  7.34e-06 │ 936.5s │ ★ BEST
   10 │   1.0465 │  92.08% │   1.1172 │  90.03% │  0.00e+00 │ 936.5s │ ★ BEST
  Log → logs/exp03_r2_a4.log

============================================================
Finished : 2026-04-05 06:29:38
============================================================
