============================================================
Log file : logs/exp09_r8_a4.log
Started  : 2026-04-05 19:32:35
============================================================

────────────────────────────────────────────────────────────
  exp09_r8_a4  |  LoRA=True  rank=8  alpha=4  drop=0.1
────────────────────────────────────────────────────────────
  Trainable : 259,684  |  Total : 21,925,348
    1 │   1.8331 │  72.02% │   1.2605 │  86.22% │  2.93e-04 │ 935.9s │ ★ BEST
    2 │   1.2009 │  87.51% │   1.1859 │  88.11% │  2.71e-04 │ 934.2s │ ★ BEST
    3 │   1.1430 │  89.01% │   1.1542 │  88.99% │  2.38e-04 │ 934.1s │ ★ BEST
    4 │   1.1121 │  90.04% │   1.1388 │  89.11% │  1.96e-04 │ 933.8s │ ★ BEST
    5 │   1.0892 │  90.52% │   1.1248 │  89.73% │  1.50e-04 │ 934.0s │ ★ BEST
    6 │   1.0720 │  91.18% │   1.1175 │  89.92% │  1.04e-04 │ 933.9s │ ★ BEST
    7 │   1.0570 │  91.80% │   1.1145 │  89.92% │  6.18e-05 │ 933.4s │
    8 │   1.0483 │  92.03% │   1.1072 │  90.06% │  2.86e-05 │ 933.5s │ ★ BEST
    9 │   1.0421 │  92.21% │   1.1065 │  90.17% │  7.34e-06 │ 933.5s │ ★ BEST
   10 │   1.0402 │  92.26% │   1.1059 │  90.17% │  0.00e+00 │ 933.7s │
  Log → logs/exp09_r8_a4.log

============================================================
Finished : 2026-04-05 22:09:00
============================================================
