============================================================
Log file : logs/exp10_r8_a8.log
Started  : 2026-04-05 22:09:00
============================================================

────────────────────────────────────────────────────────────
  exp10_r8_a8  |  LoRA=True  rank=8  alpha=8  drop=0.1
────────────────────────────────────────────────────────────
  Trainable : 259,684  |  Total : 21,925,348
    1 │   1.7796 │  73.07% │   1.2422 │  86.67% │  2.93e-04 │ 933.5s │ ★ BEST
    2 │   1.1889 │  87.61% │   1.1817 │  88.27% │  2.71e-04 │ 935.9s │ ★ BEST
    3 │   1.1324 │  89.23% │   1.1451 │  89.24% │  2.38e-04 │ 938.0s │ ★ BEST
    4 │   1.1005 │  90.16% │   1.1352 │  89.50% │  1.96e-04 │ 937.8s │ ★ BEST
    5 │   1.0728 │  90.98% │   1.1164 │  89.95% │  1.50e-04 │ 937.9s │ ★ BEST
    6 │   1.0544 │  91.69% │   1.1108 │  90.21% │  1.04e-04 │ 935.6s │ ★ BEST
    7 │   1.0418 │  92.04% │   1.1069 │  90.24% │  6.18e-05 │ 935.3s │ ★ BEST
    8 │   1.0316 │  92.55% │   1.1042 │  90.22% │  2.86e-05 │ 936.0s │
    9 │   1.0242 │  92.82% │   1.0997 │  90.46% │  7.34e-06 │ 935.5s │ ★ BEST
   10 │   1.0222 │  92.93% │   1.0997 │  90.44% │  0.00e+00 │ 936.2s │
  Log → logs/exp10_r8_a8.log

============================================================
Finished : 2026-04-06 00:45:46
============================================================
