============================================================
Log file : logs/optuna_t8_r8_a2_d20.log
Started  : 2026-04-06 21:40:16
============================================================

────────────────────────────────────────────────────────────
  optuna_t8_r8_a2_d20  |  LoRA=True  rank=8  alpha=2  drop=0.2
────────────────────────────────────────────────────────────
  Trainable : 259,684  |  Total : 21,925,348
    1 │   1.8526 │  71.48% │   1.2939 │  85.80% │  2.93e-04 │ 932.4s │ ★ BEST
    2 │   1.2150 │  87.02% │   1.2037 │  87.92% │  2.71e-04 │ 932.8s │ ★ BEST
    3 │   1.1538 │  88.71% │   1.1733 │  88.48% │  2.38e-04 │ 932.6s │ ★ BEST
    4 │   1.1206 │  89.77% │   1.1491 │  89.38% │  1.96e-04 │ 932.6s │ ★ BEST
    5 │   1.1003 │  90.46% │   1.1381 │  89.52% │  1.50e-04 │ 933.1s │ ★ BEST
    6 │   1.0841 │  90.86% │   1.1309 │  89.62% │  1.04e-04 │ 932.4s │ ★ BEST
    7 │   1.0726 │  91.26% │   1.1261 │  89.93% │  6.18e-05 │ 933.8s │ ★ BEST
    8 │   1.0643 │  91.54% │   1.1212 │  89.99% │  2.86e-05 │ 932.7s │ ★ BEST
    9 │   1.0593 │  91.78% │   1.1202 │  90.01% │  7.34e-06 │ 933.5s │ ★ BEST
   10 │   1.0564 │  91.75% │   1.1197 │  90.01% │  0.00e+00 │ 933.8s │
  Log → logs/optuna_t8_r8_a2_d20.log

============================================================
Finished : 2026-04-07 00:16:28
============================================================
