============================================================
Log file : logs/optuna_t5_r8_a8_d30.log
Started  : 2026-04-06 13:50:26
============================================================

────────────────────────────────────────────────────────────
  optuna_t5_r8_a8_d30  |  LoRA=True  rank=8  alpha=8  drop=0.3
────────────────────────────────────────────────────────────
  Trainable : 259,684  |  Total : 21,925,348
    1 │   1.7887 │  72.76% │   1.2378 │  86.26% │  2.93e-04 │ 934.5s │ ★ BEST
    2 │   1.1934 │  87.44% │   1.1692 │  88.13% │  2.71e-04 │ 934.5s │ ★ BEST
    3 │   1.1345 │  89.13% │   1.1437 │  89.13% │  2.38e-04 │ 934.1s │ ★ BEST
    4 │   1.1009 │  90.20% │   1.1261 │  89.47% │  1.96e-04 │ 934.6s │ ★ BEST
    5 │   1.0768 │  90.89% │   1.1173 │  89.88% │  1.50e-04 │ 934.6s │ ★ BEST
    6 │   1.0568 │  91.55% │   1.1096 │  90.12% │  1.04e-04 │ 934.8s │ ★ BEST
    7 │   1.0456 │  91.90% │   1.1056 │  90.24% │  6.18e-05 │ 934.4s │ ★ BEST
    8 │   1.0354 │  92.32% │   1.1019 │  90.33% │  2.86e-05 │ 933.9s │ ★ BEST
    9 │   1.0285 │  92.51% │   1.1006 │  90.38% │  7.34e-06 │ 934.6s │ ★ BEST
   10 │   1.0239 │  92.88% │   1.0991 │  90.39% │  0.00e+00 │ 934.1s │ ★ BEST
  Log → logs/optuna_t5_r8_a8_d30.log

============================================================
Finished : 2026-04-06 16:27:06
============================================================
