============================================================
Log file : logs/optuna_t7_r2_a2_d10.log
Started  : 2026-04-06 19:03:48
============================================================

────────────────────────────────────────────────────────────
  optuna_t7_r2_a2_d10  |  LoRA=True  rank=2  alpha=2  drop=0.1
────────────────────────────────────────────────────────────
  Trainable : 93,796  |  Total : 21,759,460
    1 │   1.8578 │  71.26% │   1.2709 │  86.07% │  2.93e-04 │ 935.2s │ ★ BEST
    2 │   1.2186 │  87.02% │   1.1942 │  87.90% │  2.71e-04 │ 935.8s │ ★ BEST
    3 │   1.1596 │  88.74% │   1.1654 │  88.68% │  2.38e-04 │ 935.3s │ ★ BEST
    4 │   1.1266 │  89.43% │   1.1468 │  89.03% │  1.96e-04 │ 935.5s │ ★ BEST
    5 │   1.1038 │  90.32% │   1.1375 │  89.53% │  1.50e-04 │ 934.3s │ ★ BEST
    6 │   1.0887 │  90.73% │   1.1307 │  89.47% │  1.04e-04 │ 933.9s │
    7 │   1.0752 │  91.22% │   1.1253 │  89.71% │  6.18e-05 │ 934.1s │ ★ BEST
    8 │   1.0663 │  91.51% │   1.1232 │  89.80% │  2.86e-05 │ 934.0s │ ★ BEST
    9 │   1.0612 │  91.70% │   1.1213 │  89.87% │  7.34e-06 │ 933.4s │ ★ BEST
   10 │   1.0578 │  91.83% │   1.1207 │  89.90% │  0.00e+00 │ 934.7s │ ★ BEST
  Log → logs/optuna_t7_r2_a2_d10.log

============================================================
Finished : 2026-04-06 21:40:16
============================================================
