============================================================
Log file : logs/optuna_t9_r8_a4_d15.log
Started  : 2026-04-07 00:16:28
============================================================

────────────────────────────────────────────────────────────
  optuna_t9_r8_a4_d15  |  LoRA=True  rank=8  alpha=4  drop=0.15000000000000002
────────────────────────────────────────────────────────────
  Trainable : 259,684  |  Total : 21,925,348
    1 │   1.8159 │  72.47% │   1.2616 │  86.33% │  2.93e-04 │ 933.6s │ ★ BEST
    2 │   1.2035 │  87.20% │   1.1923 │  88.03% │  2.71e-04 │ 933.8s │ ★ BEST
    3 │   1.1429 │  88.98% │   1.1565 │  88.70% │  2.38e-04 │ 933.7s │ ★ BEST
    4 │   1.1113 │  89.86% │   1.1403 │  89.25% │  1.96e-04 │ 933.7s │ ★ BEST
    5 │   1.0888 │  90.57% │   1.1265 │  89.56% │  1.50e-04 │ 933.8s │ ★ BEST
    6 │   1.0715 │  91.14% │   1.1194 │  89.90% │  1.04e-04 │ 933.4s │ ★ BEST
    7 │   1.0565 │  91.65% │   1.1160 │  89.97% │  6.18e-05 │ 933.7s │ ★ BEST
    8 │   1.0481 │  92.01% │   1.1149 │  89.96% │  2.86e-05 │ 934.0s │
    9 │   1.0425 │  92.25% │   1.1125 │  90.06% │  7.34e-06 │ 933.7s │ ★ BEST
   10 │   1.0415 │  92.26% │   1.1118 │  89.99% │  0.00e+00 │ 934.1s │
  Log → logs/optuna_t9_r8_a4_d15.log

============================================================
Finished : 2026-04-07 02:52:49
============================================================
