============================================================
Log file : logs/optuna_t0_r2_a4_d15.log
Started  : 2026-04-06 00:45:51
============================================================

────────────────────────────────────────────────────────────
  optuna_t0_r2_a4_d15  |  LoRA=True  rank=2  alpha=4  drop=0.15000000000000002
────────────────────────────────────────────────────────────
  Trainable : 93,796  |  Total : 21,759,460
    1 │   1.8334 │  71.99% │   1.2681 │  85.84% │  2.93e-04 │ 935.8s │ ★ BEST
    2 │   1.2103 │  87.08% │   1.1979 │  87.65% │  2.71e-04 │ 935.7s │ ★ BEST
    3 │   1.1517 │  88.75% │   1.1640 │  88.66% │  2.38e-04 │ 936.1s │ ★ BEST
    4 │   1.1210 │  89.82% │   1.1478 │  89.23% │  1.96e-04 │ 940.0s │ ★ BEST
    5 │   1.0984 │  90.42% │   1.1310 │  89.68% │  1.50e-04 │ 939.5s │ ★ BEST
    6 │   1.0814 │  90.92% │   1.1240 │  89.87% │  1.04e-04 │ 936.1s │ ★ BEST
    7 │   1.0703 │  91.29% │   1.1237 │  89.94% │  6.18e-05 │ 931.9s │ ★ BEST
    8 │   1.0599 │  91.83% │   1.1213 │  89.96% │  2.86e-05 │ 936.0s │ ★ BEST
    9 │   1.0536 │  91.96% │   1.1185 │  90.05% │  7.34e-06 │ 935.6s │ ★ BEST
   10 │   1.0502 │  92.11% │   1.1183 │  90.06% │  0.00e+00 │ 936.1s │ ★ BEST
  Log → logs/optuna_t0_r2_a4_d15.log

============================================================
Finished : 2026-04-06 03:22:38
============================================================
