============================================================
Log file : logs/optuna_t1_r4_a8_d30.log
Started  : 2026-04-06 03:22:38
============================================================

────────────────────────────────────────────────────────────
  optuna_t1_r4_a8_d30  |  LoRA=True  rank=4  alpha=8  drop=0.3
────────────────────────────────────────────────────────────
  Trainable : 149,092  |  Total : 21,814,756
    1 │   1.8173 │  72.08% │   1.2511 │  86.30% │  2.93e-04 │ 935.8s │ ★ BEST
    2 │   1.1963 │  87.40% │   1.1783 │  88.25% │  2.71e-04 │ 935.9s │ ★ BEST
    3 │   1.1371 │  89.05% │   1.1451 │  89.07% │  2.38e-04 │ 936.4s │ ★ BEST
    4 │   1.1062 │  89.98% │   1.1287 │  89.43% │  1.96e-04 │ 935.7s │ ★ BEST
    5 │   1.0794 │  91.00% │   1.1200 │  89.82% │  1.50e-04 │ 936.1s │ ★ BEST
    6 │   1.0616 │  91.44% │   1.1096 │  89.96% │  1.04e-04 │ 936.0s │ ★ BEST
    7 │   1.0503 │  91.91% │   1.1080 │  90.01% │  6.18e-05 │ 935.8s │ ★ BEST
    8 │   1.0386 │  92.34% │   1.1034 │  90.09% │  2.86e-05 │ 935.4s │ ★ BEST
    9 │   1.0328 │  92.44% │   1.0999 │  90.30% │  7.34e-06 │ 936.2s │ ★ BEST
   10 │   1.0300 │  92.67% │   1.1001 │  90.32% │  0.00e+00 │ 936.0s │ ★ BEST
  Log → logs/optuna_t1_r4_a8_d30.log

============================================================
Finished : 2026-04-06 05:59:22
============================================================
