============================================================
Log file : logs/optuna_t3_r4_a8_d25.log
Started  : 2026-04-06 08:36:05
============================================================

────────────────────────────────────────────────────────────
  optuna_t3_r4_a8_d25  |  LoRA=True  rank=4  alpha=8  drop=0.25
────────────────────────────────────────────────────────────
  Trainable : 149,092  |  Total : 21,814,756
    1 │   1.8046 │  72.55% │   1.2504 │  86.16% │  2.93e-04 │ 935.3s │ ★ BEST
    2 │   1.1956 │  87.52% │   1.1784 │  87.90% │  2.71e-04 │ 935.9s │ ★ BEST
    3 │   1.1361 │  89.20% │   1.1542 │  88.60% │  2.38e-04 │ 935.4s │ ★ BEST
    4 │   1.1052 │  90.14% │   1.1363 │  89.42% │  1.96e-04 │ 936.5s │ ★ BEST
    5 │   1.0788 │  91.02% │   1.1253 │  89.47% │  1.50e-04 │ 935.9s │ ★ BEST
    6 │   1.0641 │  91.35% │   1.1129 │  89.68% │  1.04e-04 │ 939.0s │ ★ BEST
    7 │   1.0487 │  91.91% │   1.1087 │  90.06% │  6.18e-05 │ 940.1s │ ★ BEST
    8 │   1.0412 │  92.10% │   1.1062 │  90.02% │  2.86e-05 │ 940.0s │
    9 │   1.0310 │  92.63% │   1.1038 │  90.00% │  7.34e-06 │ 941.0s │
   10 │   1.0308 │  92.61% │   1.1029 │  90.08% │  0.00e+00 │ 940.2s │ ★ BEST
  Log → logs/optuna_t3_r4_a8_d25.log

============================================================
Finished : 2026-04-06 11:13:09
============================================================
