============================================================
Log file : logs/optuna_t2_r4_a2_d15.log
Started  : 2026-04-06 05:59:22
============================================================

────────────────────────────────────────────────────────────
  optuna_t2_r4_a2_d15  |  LoRA=True  rank=4  alpha=2  drop=0.15000000000000002
────────────────────────────────────────────────────────────
  Trainable : 149,092  |  Total : 21,814,756
    1 │   1.8673 │  70.96% │   1.2801 │  85.46% │  2.93e-04 │ 935.1s │ ★ BEST
    2 │   1.2153 │  87.08% │   1.2055 │  87.45% │  2.71e-04 │ 936.2s │ ★ BEST
    3 │   1.1577 │  88.71% │   1.1719 │  88.39% │  2.38e-04 │ 936.5s │ ★ BEST
    4 │   1.1250 │  89.66% │   1.1539 │  88.83% │  1.96e-04 │ 935.8s │ ★ BEST
    5 │   1.1022 │  90.36% │   1.1428 │  89.44% │  1.50e-04 │ 936.1s │ ★ BEST
    6 │   1.0891 │  90.76% │   1.1345 │  89.48% │  1.04e-04 │ 935.8s │ ★ BEST
    7 │   1.0747 │  91.20% │   1.1268 │  89.94% │  6.18e-05 │ 936.2s │ ★ BEST
    8 │   1.0654 │  91.68% │   1.1257 │  89.87% │  2.86e-05 │ 935.8s │
    9 │   1.0617 │  91.60% │   1.1228 │  90.00% │  7.34e-06 │ 935.5s │ ★ BEST
   10 │   1.0572 │  91.90% │   1.1224 │  90.03% │  0.00e+00 │ 935.3s │ ★ BEST
  Log → logs/optuna_t2_r4_a2_d15.log

============================================================
Finished : 2026-04-06 08:36:05
============================================================
