============================================================
Log file : logs/optuna_t4_r4_a2_d15.log
Started  : 2026-04-06 11:13:09
============================================================

────────────────────────────────────────────────────────────
  optuna_t4_r4_a2_d15  |  LoRA=True  rank=4  alpha=2  drop=0.15000000000000002
────────────────────────────────────────────────────────────
  Trainable : 149,092  |  Total : 21,814,756
    1 │   1.8596 │  71.23% │   1.2799 │  85.93% │  2.93e-04 │ 939.1s │ ★ BEST
    2 │   1.2145 │  87.19% │   1.2040 │  87.78% │  2.71e-04 │ 939.5s │ ★ BEST
    3 │   1.1567 │  88.78% │   1.1684 │  88.73% │  2.38e-04 │ 940.0s │ ★ BEST
    4 │   1.1236 │  89.62% │   1.1532 │  89.06% │  1.96e-04 │ 940.6s │ ★ BEST
    5 │   1.1014 │  90.30% │   1.1428 │  89.13% │  1.50e-04 │ 940.2s │ ★ BEST
    6 │   1.0842 │  90.91% │   1.1316 │  89.63% │  1.04e-04 │ 939.8s │ ★ BEST
    7 │   1.0747 │  91.27% │   1.1288 │  89.78% │  6.18e-05 │ 940.5s │ ★ BEST
    8 │   1.0655 │  91.54% │   1.1229 │  90.10% │  2.86e-05 │ 939.8s │ ★ BEST
    9 │   1.0598 │  91.76% │   1.1216 │  90.00% │  7.34e-06 │ 938.2s │
   10 │   1.0543 │  92.06% │   1.1215 │  89.98% │  0.00e+00 │ 935.4s │
  Log → logs/optuna_t4_r4_a2_d15.log

============================================================
Finished : 2026-04-06 13:50:26
============================================================
