============================================================
Log file : logs/optuna_t6_r4_a4_d5.log
Started  : 2026-04-06 16:27:06
============================================================

────────────────────────────────────────────────────────────
  optuna_t6_r4_a4_d5  |  LoRA=True  rank=4  alpha=4  drop=0.05
────────────────────────────────────────────────────────────
  Trainable : 149,092  |  Total : 21,814,756
    1 │   1.8366 │  71.86% │   1.2614 │  86.59% │  2.93e-04 │ 935.6s │ ★ BEST
    2 │   1.2030 │  87.33% │   1.1883 │  88.38% │  2.71e-04 │ 935.4s │ ★ BEST
    3 │   1.1455 │  88.87% │   1.1538 │  88.85% │  2.38e-04 │ 936.0s │ ★ BEST
    4 │   1.1108 │  89.96% │   1.1379 │  89.32% │  1.96e-04 │ 935.2s │ ★ BEST
    5 │   1.0885 │  90.64% │   1.1260 │  89.78% │  1.50e-04 │ 935.6s │ ★ BEST
    6 │   1.0741 │  91.00% │   1.1154 │  89.99% │  1.04e-04 │ 935.5s │ ★ BEST
    7 │   1.0605 │  91.56% │   1.1126 │  90.18% │  6.18e-05 │ 935.2s │ ★ BEST
    8 │   1.0508 │  91.98% │   1.1108 │  90.26% │  2.86e-05 │ 935.1s │ ★ BEST
    9 │   1.0460 │  92.19% │   1.1098 │  90.27% │  7.34e-06 │ 935.0s │ ★ BEST
   10 │   1.0425 │  92.24% │   1.1085 │  90.25% │  0.00e+00 │ 935.7s │
  Log → logs/optuna_t6_r4_a4_d5.log

============================================================
Finished : 2026-04-06 19:03:48
============================================================
